// Jest Snapshot v1, https://goo.gl/fbAQLP

exports[`ListFilms movies list render unchanged 1`] = `
<div>
  <div
    class="ListFilmsContainer-sc-kjuxum-0 hUxHaM"
  >
    <div
      class="CarouselContainer-sc-1wf8qm3-0 dWDRjS"
    >
      <div
        class="BackgroundGradient-sc-1wf8qm3-2 LeftGradient-sc-1wf8qm3-3 gEecig fFsMbi"
        style="opacity: 0;"
      />
      <button
        class="ControlContainer-sc-ms3p6h-0 LeftControlButton-sc-ms3p6h-1 kbYidU hKylEu"
        data-testid="slider-control"
        style="opacity: 0;"
      >
        <div
          class="ControlIconContainer-sc-ms3p6h-3 eOAwHX"
        >
          <svg
            aria-hidden="true"
            class="svg-inline--fa fa-chevron-left "
            color="#ffb800"
            data-icon="chevron-left"
            data-prefix="fas"
            focusable="false"
            role="img"
            viewBox="0 0 320 512"
            xmlns="http://www.w3.org/2000/svg"
          >
            <path
              d="M224 480c-8.188 0-16.38-3.125-22.62-9.375l-192-192c-12.5-12.5-12.5-32.75 0-45.25l192-192c12.5-12.5 32.75-12.5 45.25 0s12.5 32.75 0 45.25L77.25 256l169.4 169.4c12.5 12.5 12.5 32.75 0 45.25C240.4 476.9 232.2 480 224 480z"
              fill="currentColor"
            />
          </svg>
        </div>
      </button>
      <div
        class="CarouselContent-sc-1wf8qm3-1 fPyJHt"
        style="transform: translateX(88px) translateZ(0);"
      >
        <div
          class="Content-sc-ydrgxo-0 jcZqgE"
        >
          <div
            class="ItemContainer-sc-1i49f8l-0 hcXqSn"
          >
            <a
              class="MovieItemContainer-sc-11o4gv2-0 qpfDR"
              href="/movie-detail/634649"
            >
              <div
                class="ImageContainer-sc-11o4gv2-1 cXNnZm"
              >
                <div
                  class="MoviePosterContainer-sc-i25oql-0 eyVCLd"
                >
                  <div
                    class="PosterContent-sc-i25oql-1 eiTosH"
                  >
                    <div
                      class="MovieImage-sc-i25oql-2 ja-dEVy"
                    >
                      <div
                        class="MovieImageContent-sc-i25oql-3 fokrKX"
                      >
                        <span
                          style="box-sizing: border-box; display: block; overflow: hidden; background: none; opacity: 1; border: 0px; margin: 0px; padding: 0px; position: absolute; top: 0px; left: 0px; bottom: 0px; right: 0px;"
                        >
                          <img
                            alt=""
                            data-nimg="fill"
                            decoding="async"
                            src="data:image/gif;base64,R0lGODlhAQABAIAAAAAAAP///yH5BAEAAAAALAAAAAABAAEAAAIBRAA7"
                            style="position: absolute; top: 0px; left: 0px; bottom: 0px; right: 0px; box-sizing: border-box; padding: 0px; margin: auto; display: block; width: 0px; height: 0px; min-width: 100%; max-width: 100%; min-height: 100%; max-height: 100%; object-fit: cover; object-position: center center;"
                          />
                          <noscript />
                        </span>
                      </div>
                    </div>
                  </div>
                </div>
              </div>
              <div
                class="TextContainer-sc-11o4gv2-2 TnVlx"
              >
                <div
                  class="Title-sc-11o4gv2-3 jgkVYj"
                  title="Homem-Aranha: Sem Volta Para Casa"
                >
                  Homem-Aranha: Sem Volta Para Casa
                </div>
                <div
                  class="DateContainer-sc-11o4gv2-4 dFJNdF"
                >
                  2021
                </div>
              </div>
            </a>
          </div>
          <div
            class="ItemContainer-sc-1i49f8l-0 hcXqSn"
          >
            <a
              class="MovieItemContainer-sc-11o4gv2-0 qpfDR"
              href="/movie-detail/414906"
            >
              <div
                class="ImageContainer-sc-11o4gv2-1 cXNnZm"
              >
                <div
                  class="MoviePosterContainer-sc-i25oql-0 eyVCLd"
                >
                  <div
                    class="PosterContent-sc-i25oql-1 eiTosH"
                  >
                    <div
                      class="MovieImage-sc-i25oql-2 ja-dEVy"
                    >
                      <div
                        class="MovieImageContent-sc-i25oql-3 fokrKX"
                      >
                        <span
                          style="box-sizing: border-box; display: block; overflow: hidden; background: none; opacity: 1; border: 0px; margin: 0px; padding: 0px; position: absolute; top: 0px; left: 0px; bottom: 0px; right: 0px;"
                        >
                          <img
                            alt=""
                            data-nimg="fill"
                            decoding="async"
                            src="data:image/gif;base64,R0lGODlhAQABAIAAAAAAAP///yH5BAEAAAAALAAAAAABAAEAAAIBRAA7"
                            style="position: absolute; top: 0px; left: 0px; bottom: 0px; right: 0px; box-sizing: border-box; padding: 0px; margin: auto; display: block; width: 0px; height: 0px; min-width: 100%; max-width: 100%; min-height: 100%; max-height: 100%; object-fit: cover; object-position: center center;"
                          />
                          <noscript />
                        </span>
                      </div>
                    </div>
                  </div>
                </div>
              </div>
              <div
                class="TextContainer-sc-11o4gv2-2 TnVlx"
              >
                <div
                  class="Title-sc-11o4gv2-3 jgkVYj"
                  title="Batman"
                >
                  Batman
                </div>
                <div
                  class="DateContainer-sc-11o4gv2-4 dFJNdF"
                >
                  2022
                </div>
              </div>
            </a>
          </div>
          <div
            class="ItemContainer-sc-1i49f8l-0 hcXqSn"
          >
            <a
              class="MovieItemContainer-sc-11o4gv2-0 qpfDR"
              href="/movie-detail/833425"
            >
              <div
                class="ImageContainer-sc-11o4gv2-1 cXNnZm"
              >
                <div
                  class="MoviePosterContainer-sc-i25oql-0 eyVCLd"
                >
                  <div
                    class="PosterContent-sc-i25oql-1 eiTosH"
                  >
                    <div
                      class="MovieImage-sc-i25oql-2 ja-dEVy"
                    >
                      <div
                        class="MovieImageContent-sc-i25oql-3 fokrKX"
                      >
                        <span
                          style="box-sizing: border-box; display: block; overflow: hidden; background: none; opacity: 1; border: 0px; margin: 0px; padding: 0px; position: absolute; top: 0px; left: 0px; bottom: 0px; right: 0px;"
                        >
                          <img
                            alt=""
                            data-nimg="fill"
                            decoding="async"
                            src="data:image/gif;base64,R0lGODlhAQABAIAAAAAAAP///yH5BAEAAAAALAAAAAABAAEAAAIBRAA7"
                            style="position: absolute; top: 0px; left: 0px; bottom: 0px; right: 0px; box-sizing: border-box; padding: 0px; margin: auto; display: block; width: 0px; height: 0px; min-width: 100%; max-width: 100%; min-height: 100%; max-height: 100%; object-fit: cover; object-position: center center;"
                          />
                          <noscript />
                        </span>
                      </div>
                    </div>
                  </div>
                </div>
              </div>
              <div
                class="TextContainer-sc-11o4gv2-2 TnVlx"
              >
                <div
                  class="Title-sc-11o4gv2-3 jgkVYj"
                  title="Sem Saída"
                >
                  Sem Saída
                </div>
                <div
                  class="DateContainer-sc-11o4gv2-4 dFJNdF"
                >
                  2022
                </div>
              </div>
            </a>
          </div>
          <div
            class="ItemContainer-sc-1i49f8l-0 hcXqSn"
          >
            <a
              class="MovieItemContainer-sc-11o4gv2-0 qpfDR"
              href="/movie-detail/568124"
            >
              <div
                class="ImageContainer-sc-11o4gv2-1 cXNnZm"
              >
                <div
                  class="MoviePosterContainer-sc-i25oql-0 eyVCLd"
                >
                  <div
                    class="PosterContent-sc-i25oql-1 eiTosH"
                  >
                    <div
                      class="MovieImage-sc-i25oql-2 ja-dEVy"
                    >
                      <div
                        class="MovieImageContent-sc-i25oql-3 fokrKX"
                      >
                        <span
                          style="box-sizing: border-box; display: block; overflow: hidden; background: none; opacity: 1; border: 0px; margin: 0px; padding: 0px; position: absolute; top: 0px; left: 0px; bottom: 0px; right: 0px;"
                        >
                          <img
                            alt=""
                            data-nimg="fill"
                            decoding="async"
                            src="data:image/gif;base64,R0lGODlhAQABAIAAAAAAAP///yH5BAEAAAAALAAAAAABAAEAAAIBRAA7"
                            style="position: absolute; top: 0px; left: 0px; bottom: 0px; right: 0px; box-sizing: border-box; padding: 0px; margin: auto; display: block; width: 0px; height: 0px; min-width: 100%; max-width: 100%; min-height: 100%; max-height: 100%; object-fit: cover; object-position: center center;"
                          />
                          <noscript />
                        </span>
                      </div>
                    </div>
                  </div>
                </div>
              </div>
              <div
                class="TextContainer-sc-11o4gv2-2 TnVlx"
              >
                <div
                  class="Title-sc-11o4gv2-3 jgkVYj"
                  title="Encanto"
                >
                  Encanto
                </div>
                <div
                  class="DateContainer-sc-11o4gv2-4 dFJNdF"
                >
                  2021
                </div>
              </div>
            </a>
          </div>
          <div
            class="ItemContainer-sc-1i49f8l-0 hcXqSn"
          >
            <a
              class="MovieItemContainer-sc-11o4gv2-0 qpfDR"
              href="/movie-detail/476669"
            >
              <div
                class="ImageContainer-sc-11o4gv2-1 cXNnZm"
              >
                <div
                  class="MoviePosterContainer-sc-i25oql-0 eyVCLd"
                >
                  <div
                    class="PosterContent-sc-i25oql-1 eiTosH"
                  >
                    <div
                      class="MovieImage-sc-i25oql-2 ja-dEVy"
                    >
                      <div
                        class="MovieImageContent-sc-i25oql-3 fokrKX"
                      >
                        <span
                          style="box-sizing: border-box; display: block; overflow: hidden; background: none; opacity: 1; border: 0px; margin: 0px; padding: 0px; position: absolute; top: 0px; left: 0px; bottom: 0px; right: 0px;"
                        >
                          <img
                            alt=""
                            data-nimg="fill"
                            decoding="async"
                            src="data:image/gif;base64,R0lGODlhAQABAIAAAAAAAP///yH5BAEAAAAALAAAAAABAAEAAAIBRAA7"
                            style="position: absolute; top: 0px; left: 0px; bottom: 0px; right: 0px; box-sizing: border-box; padding: 0px; margin: auto; display: block; width: 0px; height: 0px; min-width: 100%; max-width: 100%; min-height: 100%; max-height: 100%; object-fit: cover; object-position: center center;"
                          />
                          <noscript />
                        </span>
                      </div>
                    </div>
                  </div>
                </div>
              </div>
              <div
                class="TextContainer-sc-11o4gv2-2 TnVlx"
              >
                <div
                  class="Title-sc-11o4gv2-3 jgkVYj"
                  title="King's Man: A Origem"
                >
                  King's Man: A Origem
                </div>
                <div
                  class="DateContainer-sc-11o4gv2-4 dFJNdF"
                >
                  2022
                </div>
              </div>
            </a>
          </div>
          <div
            class="ItemContainer-sc-1i49f8l-0 hcXqSn"
          >
            <a
              class="MovieItemContainer-sc-11o4gv2-0 qpfDR"
              href="/movie-detail/646385"
            >
              <div
                class="ImageContainer-sc-11o4gv2-1 cXNnZm"
              >
                <div
                  class="MoviePosterContainer-sc-i25oql-0 eyVCLd"
                >
                  <div
                    class="PosterContent-sc-i25oql-1 eiTosH"
                  >
                    <div
                      class="MovieImage-sc-i25oql-2 ja-dEVy"
                    >
                      <div
                        class="MovieImageContent-sc-i25oql-3 fokrKX"
                      >
                        <span
                          style="box-sizing: border-box; display: block; overflow: hidden; background: none; opacity: 1; border: 0px; margin: 0px; padding: 0px; position: absolute; top: 0px; left: 0px; bottom: 0px; right: 0px;"
                        >
                          <img
                            alt=""
                            data-nimg="fill"
                            decoding="async"
                            src="data:image/gif;base64,R0lGODlhAQABAIAAAAAAAP///yH5BAEAAAAALAAAAAABAAEAAAIBRAA7"
                            style="position: absolute; top: 0px; left: 0px; bottom: 0px; right: 0px; box-sizing: border-box; padding: 0px; margin: auto; display: block; width: 0px; height: 0px; min-width: 100%; max-width: 100%; min-height: 100%; max-height: 100%; object-fit: cover; object-position: center center;"
                          />
                          <noscript />
                        </span>
                      </div>
                    </div>
                  </div>
                </div>
              </div>
              <div
                class="TextContainer-sc-11o4gv2-2 TnVlx"
              >
                <div
                  class="Title-sc-11o4gv2-3 jgkVYj"
                  title="Pânico"
                >
                  Pânico
                </div>
                <div
                  class="DateContainer-sc-11o4gv2-4 dFJNdF"
                >
                  2022
                </div>
              </div>
            </a>
          </div>
          <div
            class="ItemContainer-sc-1i49f8l-0 hcXqSn"
          >
            <a
              class="MovieItemContainer-sc-11o4gv2-0 qpfDR"
              href="/movie-detail/800510"
            >
              <div
                class="ImageContainer-sc-11o4gv2-1 cXNnZm"
              >
                <div
                  class="MoviePosterContainer-sc-i25oql-0 eyVCLd"
                >
                  <div
                    class="PosterContent-sc-i25oql-1 eiTosH"
                  >
                    <div
                      class="MovieImage-sc-i25oql-2 ja-dEVy"
                    >
                      <div
                        class="MovieImageContent-sc-i25oql-3 fokrKX"
                      >
                        <span
                          style="box-sizing: border-box; display: block; overflow: hidden; background: none; opacity: 1; border: 0px; margin: 0px; padding: 0px; position: absolute; top: 0px; left: 0px; bottom: 0px; right: 0px;"
                        >
                          <img
                            alt=""
                            data-nimg="fill"
                            decoding="async"
                            src="data:image/gif;base64,R0lGODlhAQABAIAAAAAAAP///yH5BAEAAAAALAAAAAABAAEAAAIBRAA7"
                            style="position: absolute; top: 0px; left: 0px; bottom: 0px; right: 0px; box-sizing: border-box; padding: 0px; margin: auto; display: block; width: 0px; height: 0px; min-width: 100%; max-width: 100%; min-height: 100%; max-height: 100%; object-fit: cover; object-position: center center;"
                          />
                          <noscript />
                        </span>
                      </div>
                    </div>
                  </div>
                </div>
              </div>
              <div
                class="TextContainer-sc-11o4gv2-2 TnVlx"
              >
                <div
                  class="Title-sc-11o4gv2-3 jgkVYj"
                  title="Kimi: Alguém Está Escutando"
                >
                  Kimi: Alguém Está Escutando
                </div>
                <div
                  class="DateContainer-sc-11o4gv2-4 dFJNdF"
                >
                  2022
                </div>
              </div>
            </a>
          </div>
          <div
            class="ItemContainer-sc-1i49f8l-0 hcXqSn"
          >
            <a
              class="MovieItemContainer-sc-11o4gv2-0 qpfDR"
              href="/movie-detail/890656"
            >
              <div
                class="ImageContainer-sc-11o4gv2-1 cXNnZm"
              >
                <div
                  class="MoviePosterContainer-sc-i25oql-0 eyVCLd"
                >
                  <div
                    class="PosterContent-sc-i25oql-1 eiTosH"
                  >
                    <div
                      class="MovieImage-sc-i25oql-2 ja-dEVy"
                    >
                      <div
                        class="MovieImageContent-sc-i25oql-3 fokrKX"
                      >
                        <span
                          style="box-sizing: border-box; display: block; overflow: hidden; background: none; opacity: 1; border: 0px; margin: 0px; padding: 0px; position: absolute; top: 0px; left: 0px; bottom: 0px; right: 0px;"
                        >
                          <img
                            alt=""
                            data-nimg="fill"
                            decoding="async"
                            src="data:image/gif;base64,R0lGODlhAQABAIAAAAAAAP///yH5BAEAAAAALAAAAAABAAEAAAIBRAA7"
                            style="position: absolute; top: 0px; left: 0px; bottom: 0px; right: 0px; box-sizing: border-box; padding: 0px; margin: auto; display: block; width: 0px; height: 0px; min-width: 100%; max-width: 100%; min-height: 100%; max-height: 100%; object-fit: cover; object-position: center center;"
                          />
                          <noscript />
                        </span>
                      </div>
                    </div>
                  </div>
                </div>
              </div>
              <div
                class="TextContainer-sc-11o4gv2-2 TnVlx"
              >
                <div
                  class="Title-sc-11o4gv2-3 jgkVYj"
                  title="Golpes de Vingança"
                >
                  Golpes de Vingança
                </div>
                <div
                  class="DateContainer-sc-11o4gv2-4 dFJNdF"
                >
                  2022
                </div>
              </div>
            </a>
          </div>
          <div
            class="ItemContainer-sc-1i49f8l-0 hcXqSn"
          >
            <a
              class="MovieItemContainer-sc-11o4gv2-0 qpfDR"
              href="/movie-detail/524434"
            >
              <div
                class="ImageContainer-sc-11o4gv2-1 cXNnZm"
              >
                <div
                  class="MoviePosterContainer-sc-i25oql-0 eyVCLd"
                >
                  <div
                    class="PosterContent-sc-i25oql-1 eiTosH"
                  >
                    <div
                      class="MovieImage-sc-i25oql-2 ja-dEVy"
                    >
                      <div
                        class="MovieImageContent-sc-i25oql-3 fokrKX"
                      >
                        <span
                          style="box-sizing: border-box; display: block; overflow: hidden; background: none; opacity: 1; border: 0px; margin: 0px; padding: 0px; position: absolute; top: 0px; left: 0px; bottom: 0px; right: 0px;"
                        >
                          <img
                            alt=""
                            data-nimg="fill"
                            decoding="async"
                            src="data:image/gif;base64,R0lGODlhAQABAIAAAAAAAP///yH5BAEAAAAALAAAAAABAAEAAAIBRAA7"
                            style="position: absolute; top: 0px; left: 0px; bottom: 0px; right: 0px; box-sizing: border-box; padding: 0px; margin: auto; display: block; width: 0px; height: 0px; min-width: 100%; max-width: 100%; min-height: 100%; max-height: 100%; object-fit: cover; object-position: center center;"
                          />
                          <noscript />
                        </span>
                      </div>
                    </div>
                  </div>
                </div>
              </div>
              <div
                class="TextContainer-sc-11o4gv2-2 TnVlx"
              >
                <div
                  class="Title-sc-11o4gv2-3 jgkVYj"
                  title="Eternos"
                >
                  Eternos
                </div>
                <div
                  class="DateContainer-sc-11o4gv2-4 dFJNdF"
                >
                  2021
                </div>
              </div>
            </a>
          </div>
          <div
            class="ItemContainer-sc-1i49f8l-0 hcXqSn"
          >
            <a
              class="MovieItemContainer-sc-11o4gv2-0 qpfDR"
              href="/movie-detail/928381"
            >
              <div
                class="ImageContainer-sc-11o4gv2-1 cXNnZm"
              >
                <div
                  class="MoviePosterContainer-sc-i25oql-0 eyVCLd"
                >
                  <div
                    class="PosterContent-sc-i25oql-1 eiTosH"
                  >
                    <div
                      class="MovieImage-sc-i25oql-2 ja-dEVy"
                    >
                      <div
                        class="MovieImageContent-sc-i25oql-3 fokrKX"
                      >
                        <span
                          style="box-sizing: border-box; display: block; overflow: hidden; background: none; opacity: 1; border: 0px; margin: 0px; padding: 0px; position: absolute; top: 0px; left: 0px; bottom: 0px; right: 0px;"
                        >
                          <img
                            alt=""
                            data-nimg="fill"
                            decoding="async"
                            src="data:image/gif;base64,R0lGODlhAQABAIAAAAAAAP///yH5BAEAAAAALAAAAAABAAEAAAIBRAA7"
                            style="position: absolute; top: 0px; left: 0px; bottom: 0px; right: 0px; box-sizing: border-box; padding: 0px; margin: auto; display: block; width: 0px; height: 0px; min-width: 100%; max-width: 100%; min-height: 100%; max-height: 100%; object-fit: cover; object-position: center center;"
                          />
                          <noscript />
                        </span>
                      </div>
                    </div>
                  </div>
                </div>
              </div>
              <div
                class="TextContainer-sc-11o4gv2-2 TnVlx"
              >
                <div
                  class="Title-sc-11o4gv2-3 jgkVYj"
                  title="Um Dia Difícil"
                >
                  Um Dia Difícil
                </div>
                <div
                  class="DateContainer-sc-11o4gv2-4 dFJNdF"
                >
                  2022
                </div>
              </div>
            </a>
          </div>
          <div
            class="ItemContainer-sc-1i49f8l-0 hcXqSn"
          >
            <a
              class="MovieItemContainer-sc-11o4gv2-0 qpfDR"
              href="/movie-detail/597208"
            >
              <div
                class="ImageContainer-sc-11o4gv2-1 cXNnZm"
              >
                <div
                  class="MoviePosterContainer-sc-i25oql-0 eyVCLd"
                >
                  <div
                    class="PosterContent-sc-i25oql-1 eiTosH"
                  >
                    <div
                      class="MovieImage-sc-i25oql-2 ja-dEVy"
                    >
                      <div
                        class="MovieImageContent-sc-i25oql-3 fokrKX"
                      >
                        <span
                          style="box-sizing: border-box; display: block; overflow: hidden; background: none; opacity: 1; border: 0px; margin: 0px; padding: 0px; position: absolute; top: 0px; left: 0px; bottom: 0px; right: 0px;"
                        >
                          <img
                            alt=""
                            data-nimg="fill"
                            decoding="async"
                            src="data:image/gif;base64,R0lGODlhAQABAIAAAAAAAP///yH5BAEAAAAALAAAAAABAAEAAAIBRAA7"
                            style="position: absolute; top: 0px; left: 0px; bottom: 0px; right: 0px; box-sizing: border-box; padding: 0px; margin: auto; display: block; width: 0px; height: 0px; min-width: 100%; max-width: 100%; min-height: 100%; max-height: 100%; object-fit: cover; object-position: center center;"
                          />
                          <noscript />
                        </span>
                      </div>
                    </div>
                  </div>
                </div>
              </div>
              <div
                class="TextContainer-sc-11o4gv2-2 TnVlx"
              >
                <div
                  class="Title-sc-11o4gv2-3 jgkVYj"
                  title="O Beco do Pesadelo"
                >
                  O Beco do Pesadelo
                </div>
                <div
                  class="DateContainer-sc-11o4gv2-4 dFJNdF"
                >
                  2022
                </div>
              </div>
            </a>
          </div>
          <div
            class="ItemContainer-sc-1i49f8l-0 hcXqSn"
          >
            <a
              class="MovieItemContainer-sc-11o4gv2-0 qpfDR"
              href="/movie-detail/774825"
            >
              <div
                class="ImageContainer-sc-11o4gv2-1 cXNnZm"
              >
                <div
                  class="MoviePosterContainer-sc-i25oql-0 eyVCLd"
                >
                  <div
                    class="PosterContent-sc-i25oql-1 eiTosH"
                  >
                    <div
                      class="MovieImage-sc-i25oql-2 ja-dEVy"
                    >
                      <div
                        class="MovieImageContent-sc-i25oql-3 fokrKX"
                      >
                        <span
                          style="box-sizing: border-box; display: block; overflow: hidden; background: none; opacity: 1; border: 0px; margin: 0px; padding: 0px; position: absolute; top: 0px; left: 0px; bottom: 0px; right: 0px;"
                        >
                          <img
                            alt=""
                            data-nimg="fill"
                            decoding="async"
                            src="data:image/gif;base64,R0lGODlhAQABAIAAAAAAAP///yH5BAEAAAAALAAAAAABAAEAAAIBRAA7"
                            style="position: absolute; top: 0px; left: 0px; bottom: 0px; right: 0px; box-sizing: border-box; padding: 0px; margin: auto; display: block; width: 0px; height: 0px; min-width: 100%; max-width: 100%; min-height: 100%; max-height: 100%; object-fit: cover; object-position: center center;"
                          />
                          <noscript />
                        </span>
                      </div>
                    </div>
                  </div>
                </div>
              </div>
              <div
                class="TextContainer-sc-11o4gv2-2 TnVlx"
              >
                <div
                  class="Title-sc-11o4gv2-3 jgkVYj"
                  title="A Era do Gelo: As Aventuras de Buck"
                >
                  A Era do Gelo: As Aventuras de Buck
                </div>
                <div
                  class="DateContainer-sc-11o4gv2-4 dFJNdF"
                >
                  2022
                </div>
              </div>
            </a>
          </div>
          <div
            class="ItemContainer-sc-1i49f8l-0 hcXqSn"
          >
            <a
              class="MovieItemContainer-sc-11o4gv2-0 qpfDR"
              href="/movie-detail/585083"
            >
              <div
                class="ImageContainer-sc-11o4gv2-1 cXNnZm"
              >
                <div
                  class="MoviePosterContainer-sc-i25oql-0 eyVCLd"
                >
                  <div
                    class="PosterContent-sc-i25oql-1 eiTosH"
                  >
                    <div
                      class="MovieImage-sc-i25oql-2 ja-dEVy"
                    >
                      <div
                        class="MovieImageContent-sc-i25oql-3 fokrKX"
                      >
                        <span
                          style="box-sizing: border-box; display: block; overflow: hidden; background: none; opacity: 1; border: 0px; margin: 0px; padding: 0px; position: absolute; top: 0px; left: 0px; bottom: 0px; right: 0px;"
                        >
                          <img
                            alt=""
                            data-nimg="fill"
                            decoding="async"
                            src="data:image/gif;base64,R0lGODlhAQABAIAAAAAAAP///yH5BAEAAAAALAAAAAABAAEAAAIBRAA7"
                            style="position: absolute; top: 0px; left: 0px; bottom: 0px; right: 0px; box-sizing: border-box; padding: 0px; margin: auto; display: block; width: 0px; height: 0px; min-width: 100%; max-width: 100%; min-height: 100%; max-height: 100%; object-fit: cover; object-position: center center;"
                          />
                          <noscript />
                        </span>
                      </div>
                    </div>
                  </div>
                </div>
              </div>
              <div
                class="TextContainer-sc-11o4gv2-2 TnVlx"
              >
                <div
                  class="Title-sc-11o4gv2-3 jgkVYj"
                  title="Hotel Transilvânia: Transformonstrão"
                >
                  Hotel Transilvânia: Transformonstrão
                </div>
                <div
                  class="DateContainer-sc-11o4gv2-4 dFJNdF"
                >
                  2022
                </div>
              </div>
            </a>
          </div>
          <div
            class="ItemContainer-sc-1i49f8l-0 hcXqSn"
          >
            <a
              class="MovieItemContainer-sc-11o4gv2-0 qpfDR"
              href="/movie-detail/632727"
            >
              <div
                class="ImageContainer-sc-11o4gv2-1 cXNnZm"
              >
                <div
                  class="MoviePosterContainer-sc-i25oql-0 eyVCLd"
                >
                  <div
                    class="PosterContent-sc-i25oql-1 eiTosH"
                  >
                    <div
                      class="MovieImage-sc-i25oql-2 ja-dEVy"
                    >
                      <div
                        class="MovieImageContent-sc-i25oql-3 fokrKX"
                      >
                        <span
                          style="box-sizing: border-box; display: block; overflow: hidden; background: none; opacity: 1; border: 0px; margin: 0px; padding: 0px; position: absolute; top: 0px; left: 0px; bottom: 0px; right: 0px;"
                        >
                          <img
                            alt=""
                            data-nimg="fill"
                            decoding="async"
                            src="data:image/gif;base64,R0lGODlhAQABAIAAAAAAAP///yH5BAEAAAAALAAAAAABAAEAAAIBRAA7"
                            style="position: absolute; top: 0px; left: 0px; bottom: 0px; right: 0px; box-sizing: border-box; padding: 0px; margin: auto; display: block; width: 0px; height: 0px; min-width: 100%; max-width: 100%; min-height: 100%; max-height: 100%; object-fit: cover; object-position: center center;"
                          />
                          <noscript />
                        </span>
                      </div>
                    </div>
                  </div>
                </div>
              </div>
              <div
                class="TextContainer-sc-11o4gv2-2 TnVlx"
              >
                <div
                  class="Title-sc-11o4gv2-3 jgkVYj"
                  title="O Massacre da Serra Elétrica: O Retorno de Leatherface"
                >
                  O Massacre da Serra Elétrica: O Retorno de Leatherface
                </div>
                <div
                  class="DateContainer-sc-11o4gv2-4 dFJNdF"
                >
                  2022
                </div>
              </div>
            </a>
          </div>
          <div
            class="ItemContainer-sc-1i49f8l-0 hcXqSn"
          >
            <a
              class="MovieItemContainer-sc-11o4gv2-0 qpfDR"
              href="/movie-detail/783461"
            >
              <div
                class="ImageContainer-sc-11o4gv2-1 cXNnZm"
              >
                <div
                  class="MoviePosterContainer-sc-i25oql-0 eyVCLd"
                >
                  <div
                    class="PosterContent-sc-i25oql-1 eiTosH"
                  >
                    <div
                      class="MovieImage-sc-i25oql-2 ja-dEVy"
                    >
                      <div
                        class="MovieImageContent-sc-i25oql-3 fokrKX"
                      >
                        <span
                          style="box-sizing: border-box; display: block; overflow: hidden; background: none; opacity: 1; border: 0px; margin: 0px; padding: 0px; position: absolute; top: 0px; left: 0px; bottom: 0px; right: 0px;"
                        >
                          <img
                            alt=""
                            data-nimg="fill"
                            decoding="async"
                            src="data:image/gif;base64,R0lGODlhAQABAIAAAAAAAP///yH5BAEAAAAALAAAAAABAAEAAAIBRAA7"
                            style="position: absolute; top: 0px; left: 0px; bottom: 0px; right: 0px; box-sizing: border-box; padding: 0px; margin: auto; display: block; width: 0px; height: 0px; min-width: 100%; max-width: 100%; min-height: 100%; max-height: 100%; object-fit: cover; object-position: center center;"
                          />
                          <noscript />
                        </span>
                      </div>
                    </div>
                  </div>
                </div>
              </div>
              <div
                class="TextContainer-sc-11o4gv2-2 TnVlx"
              >
                <div
                  class="Title-sc-11o4gv2-3 jgkVYj"
                  title="Um Looop Eterno"
                >
                  Um Looop Eterno
                </div>
                <div
                  class="DateContainer-sc-11o4gv2-4 dFJNdF"
                >
                  2022
                </div>
              </div>
            </a>
          </div>
          <div
            class="ItemContainer-sc-1i49f8l-0 hcXqSn"
          >
            <a
              class="MovieItemContainer-sc-11o4gv2-0 qpfDR"
              href="/movie-detail/512195"
            >
              <div
                class="ImageContainer-sc-11o4gv2-1 cXNnZm"
              >
                <div
                  class="MoviePosterContainer-sc-i25oql-0 eyVCLd"
                >
                  <div
                    class="PosterContent-sc-i25oql-1 eiTosH"
                  >
                    <div
                      class="MovieImage-sc-i25oql-2 ja-dEVy"
                    >
                      <div
                        class="MovieImageContent-sc-i25oql-3 fokrKX"
                      >
                        <span
                          style="box-sizing: border-box; display: block; overflow: hidden; background: none; opacity: 1; border: 0px; margin: 0px; padding: 0px; position: absolute; top: 0px; left: 0px; bottom: 0px; right: 0px;"
                        >
                          <img
                            alt=""
                            data-nimg="fill"
                            decoding="async"
                            src="data:image/gif;base64,R0lGODlhAQABAIAAAAAAAP///yH5BAEAAAAALAAAAAABAAEAAAIBRAA7"
                            style="position: absolute; top: 0px; left: 0px; bottom: 0px; right: 0px; box-sizing: border-box; padding: 0px; margin: auto; display: block; width: 0px; height: 0px; min-width: 100%; max-width: 100%; min-height: 100%; max-height: 100%; object-fit: cover; object-position: center center;"
                          />
                          <noscript />
                        </span>
                      </div>
                    </div>
                  </div>
                </div>
              </div>
              <div
                class="TextContainer-sc-11o4gv2-2 TnVlx"
              >
                <div
                  class="Title-sc-11o4gv2-3 jgkVYj"
                  title="Alerta Vermelho"
                >
                  Alerta Vermelho
                </div>
                <div
                  class="DateContainer-sc-11o4gv2-4 dFJNdF"
                >
                  2021
                </div>
              </div>
            </a>
          </div>
          <div
            class="ItemContainer-sc-1i49f8l-0 hcXqSn"
          >
            <a
              class="MovieItemContainer-sc-11o4gv2-0 qpfDR"
              href="/movie-detail/438695"
            >
              <div
                class="ImageContainer-sc-11o4gv2-1 cXNnZm"
              >
                <div
                  class="MoviePosterContainer-sc-i25oql-0 eyVCLd"
                >
                  <div
                    class="PosterContent-sc-i25oql-1 eiTosH"
                  >
                    <div
                      class="MovieImage-sc-i25oql-2 ja-dEVy"
                    >
                      <div
                        class="MovieImageContent-sc-i25oql-3 fokrKX"
                      >
                        <span
                          style="box-sizing: border-box; display: block; overflow: hidden; background: none; opacity: 1; border: 0px; margin: 0px; padding: 0px; position: absolute; top: 0px; left: 0px; bottom: 0px; right: 0px;"
                        >
                          <img
                            alt=""
                            data-nimg="fill"
                            decoding="async"
                            src="data:image/gif;base64,R0lGODlhAQABAIAAAAAAAP///yH5BAEAAAAALAAAAAABAAEAAAIBRAA7"
                            style="position: absolute; top: 0px; left: 0px; bottom: 0px; right: 0px; box-sizing: border-box; padding: 0px; margin: auto; display: block; width: 0px; height: 0px; min-width: 100%; max-width: 100%; min-height: 100%; max-height: 100%; object-fit: cover; object-position: center center;"
                          />
                          <noscript />
                        </span>
                      </div>
                    </div>
                  </div>
                </div>
              </div>
              <div
                class="TextContainer-sc-11o4gv2-2 TnVlx"
              >
                <div
                  class="Title-sc-11o4gv2-3 jgkVYj"
                  title="Sing 2"
                >
                  Sing 2
                </div>
                <div
                  class="DateContainer-sc-11o4gv2-4 dFJNdF"
                >
                  2022
                </div>
              </div>
            </a>
          </div>
          <div
            class="ItemContainer-sc-1i49f8l-0 hcXqSn"
          >
            <a
              class="MovieItemContainer-sc-11o4gv2-0 qpfDR"
              href="/movie-detail/580489"
            >
              <div
                class="ImageContainer-sc-11o4gv2-1 cXNnZm"
              >
                <div
                  class="MoviePosterContainer-sc-i25oql-0 eyVCLd"
                >
                  <div
                    class="PosterContent-sc-i25oql-1 eiTosH"
                  >
                    <div
                      class="MovieImage-sc-i25oql-2 ja-dEVy"
                    >
                      <div
                        class="MovieImageContent-sc-i25oql-3 fokrKX"
                      >
                        <span
                          style="box-sizing: border-box; display: block; overflow: hidden; background: none; opacity: 1; border: 0px; margin: 0px; padding: 0px; position: absolute; top: 0px; left: 0px; bottom: 0px; right: 0px;"
                        >
                          <img
                            alt=""
                            data-nimg="fill"
                            decoding="async"
                            src="data:image/gif;base64,R0lGODlhAQABAIAAAAAAAP///yH5BAEAAAAALAAAAAABAAEAAAIBRAA7"
                            style="position: absolute; top: 0px; left: 0px; bottom: 0px; right: 0px; box-sizing: border-box; padding: 0px; margin: auto; display: block; width: 0px; height: 0px; min-width: 100%; max-width: 100%; min-height: 100%; max-height: 100%; object-fit: cover; object-position: center center;"
                          />
                          <noscript />
                        </span>
                      </div>
                    </div>
                  </div>
                </div>
              </div>
              <div
                class="TextContainer-sc-11o4gv2-2 TnVlx"
              >
                <div
                  class="Title-sc-11o4gv2-3 jgkVYj"
                  title="Venom: Tempo de Carnificina"
                >
                  Venom: Tempo de Carnificina
                </div>
                <div
                  class="DateContainer-sc-11o4gv2-4 dFJNdF"
                >
                  2021
                </div>
              </div>
            </a>
          </div>
          <div
            class="ItemContainer-sc-1i49f8l-0 hcXqSn"
          >
            <a
              class="MovieItemContainer-sc-11o4gv2-0 qpfDR"
              href="/movie-detail/624860"
            >
              <div
                class="ImageContainer-sc-11o4gv2-1 cXNnZm"
              >
                <div
                  class="MoviePosterContainer-sc-i25oql-0 eyVCLd"
                >
                  <div
                    class="PosterContent-sc-i25oql-1 eiTosH"
                  >
                    <div
                      class="MovieImage-sc-i25oql-2 ja-dEVy"
                    >
                      <div
                        class="MovieImageContent-sc-i25oql-3 fokrKX"
                      >
                        <span
                          style="box-sizing: border-box; display: block; overflow: hidden; background: none; opacity: 1; border: 0px; margin: 0px; padding: 0px; position: absolute; top: 0px; left: 0px; bottom: 0px; right: 0px;"
                        >
                          <img
                            alt=""
                            data-nimg="fill"
                            decoding="async"
                            src="data:image/gif;base64,R0lGODlhAQABAIAAAAAAAP///yH5BAEAAAAALAAAAAABAAEAAAIBRAA7"
                            style="position: absolute; top: 0px; left: 0px; bottom: 0px; right: 0px; box-sizing: border-box; padding: 0px; margin: auto; display: block; width: 0px; height: 0px; min-width: 100%; max-width: 100%; min-height: 100%; max-height: 100%; object-fit: cover; object-position: center center;"
                          />
                          <noscript />
                        </span>
                      </div>
                    </div>
                  </div>
                </div>
              </div>
              <div
                class="TextContainer-sc-11o4gv2-2 TnVlx"
              >
                <div
                  class="Title-sc-11o4gv2-3 jgkVYj"
                  title="Matrix Resurrections"
                >
                  Matrix Resurrections
                </div>
                <div
                  class="DateContainer-sc-11o4gv2-4 dFJNdF"
                >
                  2021
                </div>
              </div>
            </a>
          </div>
          <div
            class="ItemContainer-sc-1i49f8l-0 hcXqSn"
          >
            <a
              class="MovieItemContainer-sc-11o4gv2-0 qpfDR"
              href="/movie-detail/460458"
            >
              <div
                class="ImageContainer-sc-11o4gv2-1 cXNnZm"
              >
                <div
                  class="MoviePosterContainer-sc-i25oql-0 eyVCLd"
                >
                  <div
                    class="PosterContent-sc-i25oql-1 eiTosH"
                  >
                    <div
                      class="MovieImage-sc-i25oql-2 ja-dEVy"
                    >
                      <div
                        class="MovieImageContent-sc-i25oql-3 fokrKX"
                      >
                        <span
                          style="box-sizing: border-box; display: block; overflow: hidden; background: none; opacity: 1; border: 0px; margin: 0px; padding: 0px; position: absolute; top: 0px; left: 0px; bottom: 0px; right: 0px;"
                        >
                          <img
                            alt=""
                            data-nimg="fill"
                            decoding="async"
                            src="data:image/gif;base64,R0lGODlhAQABAIAAAAAAAP///yH5BAEAAAAALAAAAAABAAEAAAIBRAA7"
                            style="position: absolute; top: 0px; left: 0px; bottom: 0px; right: 0px; box-sizing: border-box; padding: 0px; margin: auto; display: block; width: 0px; height: 0px; min-width: 100%; max-width: 100%; min-height: 100%; max-height: 100%; object-fit: cover; object-position: center center;"
                          />
                          <noscript />
                        </span>
                      </div>
                    </div>
                  </div>
                </div>
              </div>
              <div
                class="TextContainer-sc-11o4gv2-2 TnVlx"
              >
                <div
                  class="Title-sc-11o4gv2-3 jgkVYj"
                  title="Resident Evil: Bem-Vindo a Raccoon City"
                >
                  Resident Evil: Bem-Vindo a Raccoon City
                </div>
                <div
                  class="DateContainer-sc-11o4gv2-4 dFJNdF"
                >
                  2021
                </div>
              </div>
            </a>
          </div>
        </div>
      </div>
      <button
        class="ControlContainer-sc-ms3p6h-0 RightControlButton-sc-ms3p6h-2 kbYidU bQGCVZ"
        data-testid="slider-control"
        style="opacity: 0;"
      >
        <div
          class="ControlIconContainer-sc-ms3p6h-3 eOAwHX"
        >
          <svg
            aria-hidden="true"
            class="svg-inline--fa fa-chevron-right "
            color="#ffb800"
            data-icon="chevron-right"
            data-prefix="fas"
            focusable="false"
            role="img"
            viewBox="0 0 320 512"
            xmlns="http://www.w3.org/2000/svg"
          >
            <path
              d="M96 480c-8.188 0-16.38-3.125-22.62-9.375c-12.5-12.5-12.5-32.75 0-45.25L242.8 256L73.38 86.63c-12.5-12.5-12.5-32.75 0-45.25s32.75-12.5 45.25 0l192 192c12.5 12.5 12.5 32.75 0 45.25l-192 192C112.4 476.9 104.2 480 96 480z"
              fill="currentColor"
            />
          </svg>
        </div>
      </button>
      <div
        class="BackgroundGradient-sc-1wf8qm3-2 RightGradient-sc-1wf8qm3-4 gEecig PWxJQ"
        style="opacity: 0;"
      />
    </div>
  </div>
</div>
`;
